// Jest Snapshot v1, https://goo.gl/fbAQLP

exports[`withModalProps should return a component wrapped with modal state props 1`] = `
<div>
  <div
    class="test"
  >
    Testing
  </div>
</div>
`;
